 & 0.1277 & 0.1383 & 0.09574 & 0.234 \\
  & 0.1702 & 0.1064 & 0.09574 & 0.1809 \\
  & 0.09574 & 0.1277 & 0.1064 & 0.1809 \\
  & 0.06383 & 0.08511 & 0.07447 & 0.1489 \\
  & 0.2128 & 0.1489 & 0.2021 & 0.1915 \\
  & 0.1383 & 0.1596 & 0.1383 & 0.234 \\
  & 0.1915 & 0.1277 & 0.1809 & 0.1809 \\
  & 0.1383 & 0.09574 & 0.2021 & 0.234 \\
  & 0.1596 & 0.1383 & 0.1702 & 0.2447 \\
  & 0.1489 & 0.1383 & 0.2128 & 0.2234 \\
  & 0.1447 & 0.1266 & 0.1479 & 0.2053 \\
 
